// Jest Snapshot v1, https://goo.gl/fbAQLP

exports[`CreateNoteForm componenet renders the form 1`] = `
<styled.form
  onSubmit={[Function]}
>
  <styled.label
    htmlFor="title"
  >
    Name your note:
    <styled.input
      name="title"
      onChange={[Function]}
      type="text"
      value=""
    />
  </styled.label>
  <styled.label
    htmlFor="body"
  >
    Enter the text of your note:
    <styled.input
      name="body"
      onChange={[Function]}
      type="text"
      value=""
    />
  </styled.label>
  <styled.button>
    Submit
  </styled.button>
</styled.form>
`;
