// Jest Snapshot v1, https://goo.gl/fbAQLP

exports[`Notes component renders the notes list 1`] = `
<styled.ul>
  <styled.li
    key="0"
  >
    <Note
      note={
        Object {
          "text": "do this",
          "title": "to do",
        }
      }
    />
  </styled.li>
  <styled.li
    key="1"
  >
    <Note
      note={
        Object {
          "text": "do it again",
          "title": "another todo",
        }
      }
    />
  </styled.li>
</styled.ul>
`;
